
         /\      Grafana   /‾‾/  
    /\  /  \     |\  __   /  /   
   /  \/    \    | |/ /  /   ‾‾\ 
  /          \   |   (  |  (‾)  |
 / __________ \  |_|\_\  \_____/ 


     execution: local
        script: ../order-flash-sale.js
        output: -

     scenarios: (100.00%) 1 scenario, 1000 max VUs, 1m30s max duration (incl. graceful stop):
              * flashSale: 1000 iterations shared among 1000 VUs (maxDuration: 1m0s, gracefulStop: 30s)


Run         [ 100% ] setup()
flashSale   [   0% ]

Run         [ 100% ] setup()
flashSale   [   0% ]

Run         [ 100% ] setup()
flashSale   [   0% ]

Run         [ 100% ] setup()
flashSale   [   0% ]

Run         [ 100% ] setup()
flashSale   [   0% ]

Run         [ 100% ] setup()
flashSale   [   0% ]

Run         [ 100% ] setup()
flashSale   [   0% ]

Run         [ 100% ] setup()
flashSale   [   0% ]

Run         [ 100% ] setup()
flashSale   [   0% ]

Run         [ 100% ] setup()
flashSale   [   0% ]

Run         [ 100% ] setup()
flashSale   [   0% ]

Run         [ 100% ] setup()
flashSale   [   0% ]

Run         [ 100% ] setup()
flashSale   [   0% ]

Run         [ 100% ] setup()
flashSale   [   0% ]

Run         [ 100% ] setup()
flashSale   [   0% ]

Run         [ 100% ] setup()
flashSale   [   0% ]

Run         [ 100% ] setup()
flashSale   [   0% ]

Run         [ 100% ] setup()
flashSale   [   0% ]

Run         [ 100% ] setup()
flashSale   [   0% ]

Run         [ 100% ] setup()
flashSale   [   0% ]

Run         [ 100% ] setup()
flashSale   [   0% ]

Run         [ 100% ] setup()
flashSale   [   0% ]

Run         [ 100% ] setup()
flashSale   [   0% ]

Run         [ 100% ] setup()
flashSale   [   0% ]

Run         [ 100% ] setup()
flashSale   [   0% ]

Run         [ 100% ] setup()
flashSale   [   0% ]

Run         [ 100% ] setup()
flashSale   [   0% ]

Run         [ 100% ] setup()
flashSale   [   0% ]

Run         [ 100% ] setup()
flashSale   [   0% ]

Run         [ 100% ] setup()
flashSale   [   0% ]

Run         [ 100% ] setup()
flashSale   [   0% ]

Run         [ 100% ] setup()
flashSale   [   0% ]

Run         [ 100% ] setup()
flashSale   [   0% ]

Run         [ 100% ] setup()
flashSale   [   0% ]

Run         [ 100% ] setup()
flashSale   [   0% ]

Run         [ 100% ] setup()
flashSale   [   0% ]

Run         [ 100% ] setup()
flashSale   [   0% ]

Run         [ 100% ] setup()
flashSale   [   0% ]

Run         [ 100% ] setup()
flashSale   [   0% ]

Run         [ 100% ] setup()
flashSale   [   0% ]

Run         [ 100% ] setup()
flashSale   [   0% ]

Run         [ 100% ] setup()
flashSale   [   0% ]

Run         [ 100% ] setup()
flashSale   [   0% ]

Run         [ 100% ] setup()
flashSale   [   0% ]

Run         [ 100% ] setup()
flashSale   [   0% ]

Run         [ 100% ] setup()
flashSale   [   0% ]

Run         [ 100% ] setup()
flashSale   [   0% ]

Run         [ 100% ] setup()
flashSale   [   0% ]

Run         [ 100% ] setup()
flashSale   [   0% ]

Run         [ 100% ] setup()
flashSale   [   0% ]

Run         [ 100% ] setup()
flashSale   [   0% ]

Run         [ 100% ] setup()
flashSale   [   0% ]

Run         [ 100% ] setup()
flashSale   [   0% ]

Run         [ 100% ] setup()
flashSale   [   0% ]

Run         [ 100% ] setup()
flashSale   [   0% ]

Run         [ 100% ] setup()
flashSale   [   0% ]

Run         [ 100% ] setup()
flashSale   [   0% ]

Run         [ 100% ] setup()
flashSale   [   0% ]

Run         [ 100% ] setup()
flashSale   [   0% ]

Run         [ 100% ] setup()
flashSale   [   0% ]

Run         [ 100% ] setup()
flashSale   [   0% ]

Run         [ 100% ] setup()
flashSale   [   0% ]

Run         [ 100% ] setup()
flashSale   [   0% ]

Run         [ 100% ] setup()
flashSale   [   0% ]

Run         [ 100% ] setup()
flashSale   [   0% ]

Run         [ 100% ] setup()
flashSale   [   0% ]

Run         [ 100% ] setup()
flashSale   [   0% ]

Run         [ 100% ] setup()
flashSale   [   0% ]

Run         [ 100% ] setup()
flashSale   [   0% ]

Run         [ 100% ] setup()
flashSale   [   0% ]

Run         [ 100% ] setup()
flashSale   [   0% ]

Run         [ 100% ] setup()
flashSale   [   0% ]

Run         [ 100% ] setup()
flashSale   [   0% ]

Run         [ 100% ] setup()
flashSale   [   0% ]

Run         [ 100% ] setup()
flashSale   [   0% ]

running (1m15.9s), 1000/1000 VUs, 0 complete and 0 interrupted iterations
flashSale   [   0% ] 1000 VUs  0m00.5s/1m0s  0000/1000 shared iters

running (1m16.9s), 0643/1000 VUs, 357 complete and 0 interrupted iterations
flashSale   [  36% ] 1000 VUs  0m01.5s/1m0s  0357/1000 shared iters

running (1m17.9s), 0047/1000 VUs, 953 complete and 0 interrupted iterations
flashSale   [  95% ] 1000 VUs  0m02.5s/1m0s  0953/1000 shared iters


  █ THRESHOLDS 

    http_req_failed
    ✓ 'rate<0.01' rate=0.00%


  █ TOTAL RESULTS 

    checks_total.......: 1000    12.823488/s
    checks_succeeded...: 100.00% 1000 out of 1000
    checks_failed......: 0.00%   0 out of 1000

    ✓ no 5xx

    CUSTOM
    order_duration.................: avg=1.49s    min=552.4ms  med=1.51s   max=2.35s p(90)=2.07s p(95)=2.14s
    order_rejected.................: 990    12.695253/s
    order_success..................: 10     0.128235/s

    HTTP
    http_req_duration..............: avg=521.95ms min=3.02ms   med=69.53ms max=2.35s p(90)=1.81s p(95)=2s   
      { expected_response:true }...: avg=521.95ms min=3.02ms   med=69.53ms max=2.35s p(90)=1.81s p(95)=2s   
    http_req_failed................: 0.00%  0 out of 3000
    http_reqs......................: 3000   38.470464/s

    EXECUTION
    iteration_duration.............: avg=1.49s    min=552.67ms med=1.51s   max=2.36s p(90)=2.07s p(95)=2.14s
    iterations.....................: 1000   12.823488/s
    vus............................: 47     min=0         max=1000
    vus_max........................: 1000   min=1000      max=1000

    NETWORK
    data_received..................: 1.8 MB 23 kB/s
    data_sent......................: 769 kB 9.9 kB/s




running (1m18.0s), 0000/1000 VUs, 1000 complete and 0 interrupted iterations
flashSale ✓ [ 100% ] 1000 VUs  0m02.5s/1m0s  1000/1000 shared iters
