
         /\      Grafana   /‾‾/  
    /\  /  \     |\  __   /  /   
   /  \/    \    | |/ /  /   ‾‾\ 
  /          \   |   (  |  (‾)  |
 / __________ \  |_|\_\  \_____/ 


     execution: local
        script: ../order-flash-sale.js
        output: -

     scenarios: (100.00%) 1 scenario, 1000 max VUs, 1m30s max duration (incl. graceful stop):
              * flashSale: 1000 iterations shared among 1000 VUs (maxDuration: 1m0s, gracefulStop: 30s)


Run         [ 100% ] setup()
flashSale   [   0% ]

Run         [ 100% ] setup()
flashSale   [   0% ]

Run         [ 100% ] setup()
flashSale   [   0% ]

Run         [ 100% ] setup()
flashSale   [   0% ]

Run         [ 100% ] setup()
flashSale   [   0% ]

Run         [ 100% ] setup()
flashSale   [   0% ]

Run         [ 100% ] setup()
flashSale   [   0% ]

Run         [ 100% ] setup()
flashSale   [   0% ]

Run         [ 100% ] setup()
flashSale   [   0% ]

Run         [ 100% ] setup()
flashSale   [   0% ]

Run         [ 100% ] setup()
flashSale   [   0% ]

Run         [ 100% ] setup()
flashSale   [   0% ]

Run         [ 100% ] setup()
flashSale   [   0% ]

Run         [ 100% ] setup()
flashSale   [   0% ]

Run         [ 100% ] setup()
flashSale   [   0% ]

Run         [ 100% ] setup()
flashSale   [   0% ]

Run         [ 100% ] setup()
flashSale   [   0% ]

Run         [ 100% ] setup()
flashSale   [   0% ]

Run         [ 100% ] setup()
flashSale   [   0% ]

Run         [ 100% ] setup()
flashSale   [   0% ]

Run         [ 100% ] setup()
flashSale   [   0% ]

Run         [ 100% ] setup()
flashSale   [   0% ]

Run         [ 100% ] setup()
flashSale   [   0% ]

Run         [ 100% ] setup()
flashSale   [   0% ]

Run         [ 100% ] setup()
flashSale   [   0% ]

Run         [ 100% ] setup()
flashSale   [   0% ]

Run         [ 100% ] setup()
flashSale   [   0% ]

Run         [ 100% ] setup()
flashSale   [   0% ]

Run         [ 100% ] setup()
flashSale   [   0% ]

Run         [ 100% ] setup()
flashSale   [   0% ]

Run         [ 100% ] setup()
flashSale   [   0% ]

Run         [ 100% ] setup()
flashSale   [   0% ]

Run         [ 100% ] setup()
flashSale   [   0% ]

Run         [ 100% ] setup()
flashSale   [   0% ]

Run         [ 100% ] setup()
flashSale   [   0% ]

Run         [ 100% ] setup()
flashSale   [   0% ]

Run         [ 100% ] setup()
flashSale   [   0% ]

Run         [ 100% ] setup()
flashSale   [   0% ]

Run         [ 100% ] setup()
flashSale   [   0% ]

Run         [ 100% ] setup()
flashSale   [   0% ]

Run         [ 100% ] setup()
flashSale   [   0% ]

Run         [ 100% ] setup()
flashSale   [   0% ]

Run         [ 100% ] setup()
flashSale   [   0% ]

Run         [ 100% ] setup()
flashSale   [   0% ]

Run         [ 100% ] setup()
flashSale   [   0% ]

Run         [ 100% ] setup()
flashSale   [   0% ]

Run         [ 100% ] setup()
flashSale   [   0% ]

Run         [ 100% ] setup()
flashSale   [   0% ]

Run         [ 100% ] setup()
flashSale   [   0% ]

Run         [ 100% ] setup()
flashSale   [   0% ]

Run         [ 100% ] setup()
flashSale   [   0% ]

Run         [ 100% ] setup()
flashSale   [   0% ]

Run         [ 100% ] setup()
flashSale   [   0% ]

Run         [ 100% ] setup()
flashSale   [   0% ]

Run         [ 100% ] setup()
flashSale   [   0% ]

Run         [ 100% ] setup()
flashSale   [   0% ]

Run         [ 100% ] setup()
flashSale   [   0% ]

Run         [ 100% ] setup()
flashSale   [   0% ]

Run         [ 100% ] setup()
flashSale   [   0% ]

Run         [ 100% ] setup()
flashSale   [   0% ]

Run         [ 100% ] setup()
flashSale   [   0% ]

Run         [ 100% ] setup()
flashSale   [   0% ]

Run         [ 100% ] setup()
flashSale   [   0% ]

Run         [ 100% ] setup()
flashSale   [   0% ]

Run         [ 100% ] setup()
flashSale   [   0% ]

Run         [ 100% ] setup()
flashSale   [   0% ]

Run         [ 100% ] setup()
flashSale   [   0% ]

Run         [ 100% ] setup()
flashSale   [   0% ]

Run         [ 100% ] setup()
flashSale   [   0% ]

Run         [ 100% ] setup()
flashSale   [   0% ]

Run         [ 100% ] setup()
flashSale   [   0% ]

Run         [ 100% ] setup()
flashSale   [   0% ]

Run         [ 100% ] setup()
flashSale   [   0% ]

Run         [ 100% ] setup()
flashSale   [   0% ]

Run         [ 100% ] setup()
flashSale   [   0% ]

Run         [ 100% ] setup()
flashSale   [   0% ]

Run         [ 100% ] setup()
flashSale   [   0% ]

running (1m17.9s), 1000/1000 VUs, 0 complete and 0 interrupted iterations
flashSale   [   0% ] 1000 VUs  0m00.4s/1m0s  0000/1000 shared iters

running (1m18.9s), 0807/1000 VUs, 193 complete and 0 interrupted iterations
flashSale   [  19% ] 1000 VUs  0m01.4s/1m0s  0193/1000 shared iters

running (1m19.9s), 0307/1000 VUs, 693 complete and 0 interrupted iterations
flashSale   [  69% ] 1000 VUs  0m02.4s/1m0s  0693/1000 shared iters


  █ THRESHOLDS 

    http_req_failed
    ✓ 'rate<0.01' rate=0.00%


  █ TOTAL RESULTS 

    checks_total.......: 1000    12.430281/s
    checks_succeeded...: 100.00% 1000 out of 1000
    checks_failed......: 0.00%   0 out of 1000

    ✓ no 5xx

    CUSTOM
    order_duration.................: avg=1.75s    min=767.54ms med=1.78s   max=2.78s p(90)=2.45s p(95)=2.52s
    order_success..................: 1000   12.430281/s

    HTTP
    http_req_duration..............: avg=609.81ms min=3.05ms   med=70.29ms max=2.78s p(90)=2.11s p(95)=2.38s
      { expected_response:true }...: avg=609.81ms min=3.05ms   med=70.29ms max=2.78s p(90)=2.11s p(95)=2.38s
    http_req_failed................: 0.00%  0 out of 3000
    http_reqs......................: 3000   37.290843/s

    EXECUTION
    iteration_duration.............: avg=1.77s    min=791.9ms  med=1.79s   max=2.81s p(90)=2.46s p(95)=2.53s
    iterations.....................: 1000   12.430281/s
    vus............................: 306    min=0         max=1000
    vus_max........................: 1000   min=1000      max=1000

    NETWORK
    data_received..................: 1.8 MB 23 kB/s
    data_sent......................: 769 kB 9.6 kB/s




running (1m20.4s), 0000/1000 VUs, 1000 complete and 0 interrupted iterations
flashSale ✓ [ 100% ] 1000 VUs  0m02.9s/1m0s  1000/1000 shared iters
