
         /\      Grafana   /‾‾/  
    /\  /  \     |\  __   /  /   
   /  \/    \    | |/ /  /   ‾‾\ 
  /          \   |   (  |  (‾)  |
 / __________ \  |_|\_\  \_____/ 


     execution: local
        script: ../order-flash-sale.js
        output: -

     scenarios: (100.00%) 1 scenario, 1000 max VUs, 1m30s max duration (incl. graceful stop):
              * flashSale: 1000 iterations shared among 1000 VUs (maxDuration: 1m0s, gracefulStop: 30s)


Run         [ 100% ] setup()
flashSale   [   0% ]

Run         [ 100% ] setup()
flashSale   [   0% ]

Run         [ 100% ] setup()
flashSale   [   0% ]

Run         [ 100% ] setup()
flashSale   [   0% ]

Run         [ 100% ] setup()
flashSale   [   0% ]

Run         [ 100% ] setup()
flashSale   [   0% ]

Run         [ 100% ] setup()
flashSale   [   0% ]

Run         [ 100% ] setup()
flashSale   [   0% ]

Run         [ 100% ] setup()
flashSale   [   0% ]

Run         [ 100% ] setup()
flashSale   [   0% ]

Run         [ 100% ] setup()
flashSale   [   0% ]

Run         [ 100% ] setup()
flashSale   [   0% ]

Run         [ 100% ] setup()
flashSale   [   0% ]

Run         [ 100% ] setup()
flashSale   [   0% ]

Run         [ 100% ] setup()
flashSale   [   0% ]

Run         [ 100% ] setup()
flashSale   [   0% ]

Run         [ 100% ] setup()
flashSale   [   0% ]

Run         [ 100% ] setup()
flashSale   [   0% ]

Run         [ 100% ] setup()
flashSale   [   0% ]

Run         [ 100% ] setup()
flashSale   [   0% ]

Run         [ 100% ] setup()
flashSale   [   0% ]

Run         [ 100% ] setup()
flashSale   [   0% ]

Run         [ 100% ] setup()
flashSale   [   0% ]

Run         [ 100% ] setup()
flashSale   [   0% ]

Run         [ 100% ] setup()
flashSale   [   0% ]

Run         [ 100% ] setup()
flashSale   [   0% ]

Run         [ 100% ] setup()
flashSale   [   0% ]

Run         [ 100% ] setup()
flashSale   [   0% ]

Run         [ 100% ] setup()
flashSale   [   0% ]

Run         [ 100% ] setup()
flashSale   [   0% ]

Run         [ 100% ] setup()
flashSale   [   0% ]

Run         [ 100% ] setup()
flashSale   [   0% ]

Run         [ 100% ] setup()
flashSale   [   0% ]

Run         [ 100% ] setup()
flashSale   [   0% ]

Run         [ 100% ] setup()
flashSale   [   0% ]

Run         [ 100% ] setup()
flashSale   [   0% ]

Run         [ 100% ] setup()
flashSale   [   0% ]

Run         [ 100% ] setup()
flashSale   [   0% ]

Run         [ 100% ] setup()
flashSale   [   0% ]

Run         [ 100% ] setup()
flashSale   [   0% ]

Run         [ 100% ] setup()
flashSale   [   0% ]

Run         [ 100% ] setup()
flashSale   [   0% ]

Run         [ 100% ] setup()
flashSale   [   0% ]

Run         [ 100% ] setup()
flashSale   [   0% ]

Run         [ 100% ] setup()
flashSale   [   0% ]

Run         [ 100% ] setup()
flashSale   [   0% ]

Run         [ 100% ] setup()
flashSale   [   0% ]

Run         [ 100% ] setup()
flashSale   [   0% ]

Run         [ 100% ] setup()
flashSale   [   0% ]

Run         [ 100% ] setup()
flashSale   [   0% ]

Run         [ 100% ] setup()
flashSale   [   0% ]

Run         [ 100% ] setup()
flashSale   [   0% ]

Run         [ 100% ] setup()
flashSale   [   0% ]

Run         [ 100% ] setup()
flashSale   [   0% ]

Run         [ 100% ] setup()
flashSale   [   0% ]

Run         [ 100% ] setup()
flashSale   [   0% ]

Run         [ 100% ] setup()
flashSale   [   0% ]

Run         [ 100% ] setup()
flashSale   [   0% ]

Run         [ 100% ] setup()
flashSale   [   0% ]

Run         [ 100% ] setup()
flashSale   [   0% ]

Run         [ 100% ] setup()
flashSale   [   0% ]

Run         [ 100% ] setup()
flashSale   [   0% ]

Run         [ 100% ] setup()
flashSale   [   0% ]

Run         [ 100% ] setup()
flashSale   [   0% ]

Run         [ 100% ] setup()
flashSale   [   0% ]

Run         [ 100% ] setup()
flashSale   [   0% ]

Run         [ 100% ] setup()
flashSale   [   0% ]

Run         [ 100% ] setup()
flashSale   [   0% ]

Run         [ 100% ] setup()
flashSale   [   0% ]

Run         [ 100% ] setup()
flashSale   [   0% ]

Run         [ 100% ] setup()
flashSale   [   0% ]

Run         [ 100% ] setup()
flashSale   [   0% ]

Run         [ 100% ] setup()
flashSale   [   0% ]

Run         [ 100% ] setup()
flashSale   [   0% ]

Run         [ 100% ] setup()
flashSale   [   0% ]

Run         [ 100% ] setup()
flashSale   [   0% ]

Run         [ 100% ] setup()
flashSale   [   0% ]

running (1m17.9s), 1000/1000 VUs, 0 complete and 0 interrupted iterations
flashSale   [   0% ] 1000 VUs  0m00.4s/1m0s  0000/1000 shared iters

running (1m18.9s), 0579/1000 VUs, 421 complete and 0 interrupted iterations
flashSale   [  42% ] 1000 VUs  0m01.4s/1m0s  0421/1000 shared iters


  █ THRESHOLDS 

    http_req_failed
    ✓ 'rate<0.01' rate=0.00%


  █ TOTAL RESULTS 

    checks_total.......: 1000    12.536547/s
    checks_succeeded...: 100.00% 1000 out of 1000
    checks_failed......: 0.00%   0 out of 1000

    ✓ no 5xx

    CUSTOM
    order_duration.................: avg=1.32s    min=610.5ms  med=1.31s   max=2.21s p(90)=1.9s  p(95)=1.99s
    order_success..................: 1000   12.536547/s

    HTTP
    http_req_duration..............: avg=466.62ms min=3.02ms   med=69.93ms max=2.21s p(90)=1.55s p(95)=1.77s
      { expected_response:true }...: avg=466.62ms min=3.02ms   med=69.93ms max=2.21s p(90)=1.55s p(95)=1.77s
    http_req_failed................: 0.00%  0 out of 3000
    http_reqs......................: 3000   37.60964/s

    EXECUTION
    iteration_duration.............: avg=1.34s    min=611.59ms med=1.34s   max=2.26s p(90)=1.91s p(95)=2s   
    iterations.....................: 1000   12.536547/s
    vus............................: 579    min=0         max=1000
    vus_max........................: 1000   min=1000      max=1000

    NETWORK
    data_received..................: 1.8 MB 23 kB/s
    data_sent......................: 769 kB 9.6 kB/s




running (1m19.8s), 0000/1000 VUs, 1000 complete and 0 interrupted iterations
flashSale ✓ [ 100% ] 1000 VUs  0m02.3s/1m0s  1000/1000 shared iters
