
         /\      Grafana   /‾‾/  
    /\  /  \     |\  __   /  /   
   /  \/    \    | |/ /  /   ‾‾\ 
  /          \   |   (  |  (‾)  |
 / __________ \  |_|\_\  \_____/ 


     execution: local
        script: ../order-flash-sale.js
        output: -

     scenarios: (100.00%) 1 scenario, 1000 max VUs, 1m30s max duration (incl. graceful stop):
              * flashSale: 1000 iterations shared among 1000 VUs (maxDuration: 1m0s, gracefulStop: 30s)


Run         [ 100% ] setup()
flashSale   [   0% ]

Run         [ 100% ] setup()
flashSale   [   0% ]

Run         [ 100% ] setup()
flashSale   [   0% ]

Run         [ 100% ] setup()
flashSale   [   0% ]

Run         [ 100% ] setup()
flashSale   [   0% ]

Run         [ 100% ] setup()
flashSale   [   0% ]

Run         [ 100% ] setup()
flashSale   [   0% ]

Run         [ 100% ] setup()
flashSale   [   0% ]

Run         [ 100% ] setup()
flashSale   [   0% ]

Run         [ 100% ] setup()
flashSale   [   0% ]

Run         [ 100% ] setup()
flashSale   [   0% ]

Run         [ 100% ] setup()
flashSale   [   0% ]

Run         [ 100% ] setup()
flashSale   [   0% ]

Run         [ 100% ] setup()
flashSale   [   0% ]

Run         [ 100% ] setup()
flashSale   [   0% ]

Run         [ 100% ] setup()
flashSale   [   0% ]

Run         [ 100% ] setup()
flashSale   [   0% ]

Run         [ 100% ] setup()
flashSale   [   0% ]

Run         [ 100% ] setup()
flashSale   [   0% ]

Run         [ 100% ] setup()
flashSale   [   0% ]

Run         [ 100% ] setup()
flashSale   [   0% ]

Run         [ 100% ] setup()
flashSale   [   0% ]

Run         [ 100% ] setup()
flashSale   [   0% ]

Run         [ 100% ] setup()
flashSale   [   0% ]

Run         [ 100% ] setup()
flashSale   [   0% ]

Run         [ 100% ] setup()
flashSale   [   0% ]

Run         [ 100% ] setup()
flashSale   [   0% ]

Run         [ 100% ] setup()
flashSale   [   0% ]

Run         [ 100% ] setup()
flashSale   [   0% ]

Run         [ 100% ] setup()
flashSale   [   0% ]

Run         [ 100% ] setup()
flashSale   [   0% ]

Run         [ 100% ] setup()
flashSale   [   0% ]

Run         [ 100% ] setup()
flashSale   [   0% ]

Run         [ 100% ] setup()
flashSale   [   0% ]

Run         [ 100% ] setup()
flashSale   [   0% ]

Run         [ 100% ] setup()
flashSale   [   0% ]

Run         [ 100% ] setup()
flashSale   [   0% ]

Run         [ 100% ] setup()
flashSale   [   0% ]

Run         [ 100% ] setup()
flashSale   [   0% ]

Run         [ 100% ] setup()
flashSale   [   0% ]

Run         [ 100% ] setup()
flashSale   [   0% ]

Run         [ 100% ] setup()
flashSale   [   0% ]

Run         [ 100% ] setup()
flashSale   [   0% ]

Run         [ 100% ] setup()
flashSale   [   0% ]

Run         [ 100% ] setup()
flashSale   [   0% ]

Run         [ 100% ] setup()
flashSale   [   0% ]

Run         [ 100% ] setup()
flashSale   [   0% ]

Run         [ 100% ] setup()
flashSale   [   0% ]

Run         [ 100% ] setup()
flashSale   [   0% ]

Run         [ 100% ] setup()
flashSale   [   0% ]

Run         [ 100% ] setup()
flashSale   [   0% ]

Run         [ 100% ] setup()
flashSale   [   0% ]

Run         [ 100% ] setup()
flashSale   [   0% ]

Run         [ 100% ] setup()
flashSale   [   0% ]

Run         [ 100% ] setup()
flashSale   [   0% ]

Run         [ 100% ] setup()
flashSale   [   0% ]

Run         [ 100% ] setup()
flashSale   [   0% ]

Run         [ 100% ] setup()
flashSale   [   0% ]

Run         [ 100% ] setup()
flashSale   [   0% ]

Run         [ 100% ] setup()
flashSale   [   0% ]

Run         [ 100% ] setup()
flashSale   [   0% ]

Run         [ 100% ] setup()
flashSale   [   0% ]

Run         [ 100% ] setup()
flashSale   [   0% ]

Run         [ 100% ] setup()
flashSale   [   0% ]

Run         [ 100% ] setup()
flashSale   [   0% ]

Run         [ 100% ] setup()
flashSale   [   0% ]

Run         [ 100% ] setup()
flashSale   [   0% ]

Run         [ 100% ] setup()
flashSale   [   0% ]

Run         [ 100% ] setup()
flashSale   [   0% ]

Run         [ 100% ] setup()
flashSale   [   0% ]

Run         [ 100% ] setup()
flashSale   [   0% ]

running (1m12.0s), 0875/1000 VUs, 125 complete and 0 interrupted iterations
flashSale   [  12% ] 1000 VUs  0m00.6s/1m0s  0125/1000 shared iters


  █ THRESHOLDS 

    http_req_failed
    ✓ 'rate<0.01' rate=0.00%


  █ TOTAL RESULTS 

    checks_total.......: 1000    13.753945/s
    checks_succeeded...: 100.00% 1000 out of 1000
    checks_failed......: 0.00%   0 out of 1000

    ✓ no 5xx

    CUSTOM
    order_duration.................: avg=783.22ms min=302.38ms med=801.66ms max=1.25s p(90)=1.05s    p(95)=1.1s 
    order_success..................: 1000   13.753945/s

    HTTP
    http_req_duration..............: avg=284.77ms min=1.65ms   med=67.39ms  max=1.25s p(90)=941.82ms p(95)=1.01s
      { expected_response:true }...: avg=284.77ms min=1.65ms   med=67.39ms  max=1.25s p(90)=941.82ms p(95)=1.01s
    http_req_failed................: 0.00%  0 out of 3000
    http_reqs......................: 3000   41.261836/s

    EXECUTION
    iteration_duration.............: avg=795.45ms min=302.77ms med=814.42ms max=1.3s  p(90)=1.06s    p(95)=1.12s
    iterations.....................: 1000   13.753945/s
    vus............................: 875    min=0         max=875 
    vus_max........................: 1000   min=1000      max=1000

    NETWORK
    data_received..................: 1.8 MB 25 kB/s
    data_sent......................: 769 kB 11 kB/s




running (1m12.7s), 0000/1000 VUs, 1000 complete and 0 interrupted iterations
flashSale ✓ [ 100% ] 1000 VUs  0m01.3s/1m0s  1000/1000 shared iters
