
         /\      Grafana   /‾‾/  
    /\  /  \     |\  __   /  /   
   /  \/    \    | |/ /  /   ‾‾\ 
  /          \   |   (  |  (‾)  |
 / __________ \  |_|\_\  \_____/ 


     execution: local
        script: ../order-flash-sale.js
        output: -

     scenarios: (100.00%) 1 scenario, 1000 max VUs, 1m30s max duration (incl. graceful stop):
              * flashSale: 1000 iterations shared among 1000 VUs (maxDuration: 1m0s, gracefulStop: 30s)


Run         [ 100% ] setup()
flashSale   [   0% ]

Run         [ 100% ] setup()
flashSale   [   0% ]

Run         [ 100% ] setup()
flashSale   [   0% ]

Run         [ 100% ] setup()
flashSale   [   0% ]

Run         [ 100% ] setup()
flashSale   [   0% ]

Run         [ 100% ] setup()
flashSale   [   0% ]

Run         [ 100% ] setup()
flashSale   [   0% ]

Run         [ 100% ] setup()
flashSale   [   0% ]

Run         [ 100% ] setup()
flashSale   [   0% ]

Run         [ 100% ] setup()
flashSale   [   0% ]

Run         [ 100% ] setup()
flashSale   [   0% ]

Run         [ 100% ] setup()
flashSale   [   0% ]

Run         [ 100% ] setup()
flashSale   [   0% ]

Run         [ 100% ] setup()
flashSale   [   0% ]

Run         [ 100% ] setup()
flashSale   [   0% ]

Run         [ 100% ] setup()
flashSale   [   0% ]

Run         [ 100% ] setup()
flashSale   [   0% ]

Run         [ 100% ] setup()
flashSale   [   0% ]

Run         [ 100% ] setup()
flashSale   [   0% ]

Run         [ 100% ] setup()
flashSale   [   0% ]

Run         [ 100% ] setup()
flashSale   [   0% ]

Run         [ 100% ] setup()
flashSale   [   0% ]

Run         [ 100% ] setup()
flashSale   [   0% ]

Run         [ 100% ] setup()
flashSale   [   0% ]

Run         [ 100% ] setup()
flashSale   [   0% ]

Run         [ 100% ] setup()
flashSale   [   0% ]

Run         [ 100% ] setup()
flashSale   [   0% ]

Run         [ 100% ] setup()
flashSale   [   0% ]

Run         [ 100% ] setup()
flashSale   [   0% ]

Run         [ 100% ] setup()
flashSale   [   0% ]

Run         [ 100% ] setup()
flashSale   [   0% ]

Run         [ 100% ] setup()
flashSale   [   0% ]

Run         [ 100% ] setup()
flashSale   [   0% ]

Run         [ 100% ] setup()
flashSale   [   0% ]

Run         [ 100% ] setup()
flashSale   [   0% ]

Run         [ 100% ] setup()
flashSale   [   0% ]

Run         [ 100% ] setup()
flashSale   [   0% ]

Run         [ 100% ] setup()
flashSale   [   0% ]

Run         [ 100% ] setup()
flashSale   [   0% ]

Run         [ 100% ] setup()
flashSale   [   0% ]

Run         [ 100% ] setup()
flashSale   [   0% ]

Run         [ 100% ] setup()
flashSale   [   0% ]

Run         [ 100% ] setup()
flashSale   [   0% ]

Run         [ 100% ] setup()
flashSale   [   0% ]

Run         [ 100% ] setup()
flashSale   [   0% ]

Run         [ 100% ] setup()
flashSale   [   0% ]

Run         [ 100% ] setup()
flashSale   [   0% ]

Run         [ 100% ] setup()
flashSale   [   0% ]

Run         [ 100% ] setup()
flashSale   [   0% ]

Run         [ 100% ] setup()
flashSale   [   0% ]

Run         [ 100% ] setup()
flashSale   [   0% ]

Run         [ 100% ] setup()
flashSale   [   0% ]

Run         [ 100% ] setup()
flashSale   [   0% ]

Run         [ 100% ] setup()
flashSale   [   0% ]

Run         [ 100% ] setup()
flashSale   [   0% ]

Run         [ 100% ] setup()
flashSale   [   0% ]

Run         [ 100% ] setup()
flashSale   [   0% ]

Run         [ 100% ] setup()
flashSale   [   0% ]

Run         [ 100% ] setup()
flashSale   [   0% ]

Run         [ 100% ] setup()
flashSale   [   0% ]

Run         [ 100% ] setup()
flashSale   [   0% ]

Run         [ 100% ] setup()
flashSale   [   0% ]

Run         [ 100% ] setup()
flashSale   [   0% ]

Run         [ 100% ] setup()
flashSale   [   0% ]

Run         [ 100% ] setup()
flashSale   [   0% ]

Run         [ 100% ] setup()
flashSale   [   0% ]

Run         [ 100% ] setup()
flashSale   [   0% ]

Run         [ 100% ] setup()
flashSale   [   0% ]

Run         [ 100% ] setup()
flashSale   [   0% ]

Run         [ 100% ] setup()
flashSale   [   0% ]

Run         [ 100% ] setup()
flashSale   [   0% ]

Run         [ 100% ] setup()
flashSale   [   0% ]

Run         [ 100% ] setup()
flashSale   [   0% ]

Run         [ 100% ] setup()
flashSale   [   0% ]

Run         [ 100% ] setup()
flashSale   [   0% ]

Run         [ 100% ] setup()
flashSale   [   0% ]

Run         [ 100% ] setup()
flashSale   [   0% ]

Run         [ 100% ] setup()
flashSale   [   0% ]

Run         [ 100% ] setup()
flashSale   [   0% ]

Run         [ 100% ] setup()
flashSale   [   0% ]

Run         [ 100% ] setup()
flashSale   [   0% ]

Run         [ 100% ] setup()
flashSale   [   0% ]

Run         [ 100% ] setup()
flashSale   [   0% ]

Run         [ 100% ] setup()
flashSale   [   0% ]

Run         [ 100% ] setup()
flashSale   [   0% ]

Run         [ 100% ] setup()
flashSale   [   0% ]

Run         [ 100% ] setup()
flashSale   [   0% ]

Run         [ 100% ] setup()
flashSale   [   0% ]

Run         [ 100% ] setup()
flashSale   [   0% ]

Run         [ 100% ] setup()
flashSale   [   0% ]

Run         [ 100% ] setup()
flashSale   [   0% ]

Run         [ 100% ] setup()
flashSale   [   0% ]

Run         [ 100% ] setup()
flashSale   [   0% ]

Run         [ 100% ] setup()
flashSale   [   0% ]

Run         [ 100% ] setup()
flashSale   [   0% ]

Run         [ 100% ] setup()
flashSale   [   0% ]

Run         [ 100% ] setup()
flashSale   [   0% ]

Run         [ 100% ] setup()
flashSale   [   0% ]

Run         [ 100% ] setup()
flashSale   [   0% ]

Run         [ 100% ] setup()
flashSale   [   0% ]

Run         [ 100% ] setup()
flashSale   [   0% ]

Run         [ 100% ] setup()
flashSale   [   0% ]

Run         [ 100% ] setup()
flashSale   [   0% ]

Run         [ 100% ] setup()
flashSale   [   0% ]

Run         [ 100% ] setup()
flashSale   [   0% ]

Run         [ 100% ] setup()
flashSale   [   0% ]

Run         [ 100% ] setup()
flashSale   [   0% ]

Run         [ 100% ] setup()
flashSale   [   0% ]

Run         [ 100% ] setup()
flashSale   [   0% ]

Run         [ 100% ] setup()
flashSale   [   0% ]

Run         [ 100% ] setup()
flashSale   [   0% ]

Run         [ 100% ] setup()
flashSale   [   0% ]

Run         [ 100% ] setup()
flashSale   [   0% ]

Run         [ 100% ] setup()
flashSale   [   0% ]

Run         [ 100% ] setup()
flashSale   [   0% ]

Run         [ 100% ] setup()
flashSale   [   0% ]

Run         [ 100% ] setup()
flashSale   [   0% ]

Run         [ 100% ] setup()
flashSale   [   0% ]

Run         [ 100% ] setup()
flashSale   [   0% ]

Run         [ 100% ] setup()
flashSale   [   0% ]

Run         [ 100% ] setup()
flashSale   [   0% ]

Run         [ 100% ] setup()
flashSale   [   0% ]

Run         [ 100% ] setup()
flashSale   [   0% ]

Run         [ 100% ] setup()
flashSale   [   0% ]

Run         [ 100% ] setup()
flashSale   [   0% ]

Run         [ 100% ] setup()
flashSale   [   0% ]

Run         [ 100% ] setup()
flashSale   [   0% ]

Run         [ 100% ] setup()
flashSale   [   0% ]

Run         [ 100% ] setup()
flashSale   [   0% ]

Run         [ 100% ] setup()
flashSale   [   0% ]

Run         [ 100% ] setup()
flashSale   [   0% ]

Run         [ 100% ] setup()
flashSale   [   0% ]

Run         [ 100% ] setup()
flashSale   [   0% ]

Run         [ 100% ] setup()
flashSale   [   0% ]

Run         [ 100% ] setup()
flashSale   [   0% ]

Run         [ 100% ] setup()
flashSale   [   0% ]

Run         [ 100% ] setup()
flashSale   [   0% ]

Run         [ 100% ] setup()
flashSale   [   0% ]

running (2m19.0s), 0928/1000 VUs, 72 complete and 0 interrupted iterations
flashSale   [   7% ] 1000 VUs  0m00.6s/1m0s  0072/1000 shared iters

running (2m20.0s), 0111/1000 VUs, 889 complete and 0 interrupted iterations
flashSale   [  89% ] 1000 VUs  0m01.6s/1m0s  0889/1000 shared iters


  █ THRESHOLDS 

    http_req_failed
    ✓ 'rate<0.01' rate=0.00%


  █ TOTAL RESULTS 

    checks_total.......: 1000    7.139758/s
    checks_succeeded...: 100.00% 1000 out of 1000
    checks_failed......: 0.00%   0 out of 1000

    ✓ no 5xx

    CUSTOM
    order_duration.................: avg=943.18ms min=335.05ms med=956.01ms max=1.56s p(90)=1.39s p(95)=1.44s
    order_success..................: 1000   7.139758/s

    HTTP
    http_req_duration..............: avg=360.4ms  min=65.96ms  med=69.28ms  max=1.56s p(90)=1.2s  p(95)=1.35s
      { expected_response:true }...: avg=360.4ms  min=65.96ms  med=69.28ms  max=1.56s p(90)=1.2s  p(95)=1.35s
    http_req_failed................: 0.00%  0 out of 3000
    http_reqs......................: 3000   21.419275/s

    EXECUTION
    iteration_duration.............: avg=961.88ms min=341.17ms med=965.55ms max=1.6s  p(90)=1.41s p(95)=1.45s
    iterations.....................: 1000   7.139758/s
    vus............................: 111    min=0         max=928 
    vus_max........................: 1000   min=1000      max=1000

    NETWORK
    data_received..................: 1.8 MB 13 kB/s
    data_sent......................: 769 kB 5.5 kB/s




running (2m20.1s), 0000/1000 VUs, 1000 complete and 0 interrupted iterations
flashSale ✓ [ 100% ] 1000 VUs  0m01.7s/1m0s  1000/1000 shared iters
